EXP-008
hardware: Darwin | 27.0.0 | arm64 | 8P/8L cores | 16 GiB RAM | device:cpu,mps

EXP-008: the reported configuration. Three architectures on the three areas, log1p-standard, calendar features on, three seeds, against the reference forecasters at the same window. This is the run the report tables are built from.

 area                model  seed  n_params      MAE     RMSE    MAPE   sMAPE    WAPE   MASE     R2  n_scored  n_dropped device  epochs  best_epoch  s_per_epoch   fit_s  fit_cpu_s  predict_ms  latency_ms  predict_us_per_step
 5161                 lstm    42     17222  84.1378 128.8562  7.9417  7.7723  5.8221 0.2422 0.9911      1008          0    mps    45.0        35.0        0.708 31.9554    13.9673      13.757      3.2024               13.648
 5161                 lstm  1337     17222  83.1692 127.6806  7.9640  7.7791  5.7551 0.2394 0.9912      1008          0    mps    46.0        36.0        0.685 31.4996    13.7293      14.314      3.4245               14.200
 5161                 lstm  2024     17222  85.9457 131.4985  8.1503  7.9257  5.9472 0.2474 0.9907      1008          0    mps    35.0        25.0        0.752 26.3119    10.6572      16.358      3.7341               16.228
 5161                  tcn    42     34758  78.0040 117.9558  7.6316  7.3937  5.3976 0.2245 0.9925      1008          0    mps    43.0        33.0        1.297 55.8134    24.0884      20.854      3.3777               20.688
 5161                  tcn  1337     34758  78.5989 119.1764  7.4376  7.2900  5.4388 0.2263 0.9923      1008          0    mps    31.0        21.0        1.278 39.6243    16.9227      20.949      3.2273               20.783
 5161                  tcn  2024     34758  89.8018 135.9296  8.4126  8.0634  6.2140 0.2585 0.9900      1008          0    mps    21.0        11.0        1.277 26.8446    11.5229      20.883      3.2296               20.717
 5161                  gbt    42      3720  84.9533 127.1826  8.3022  8.0843  5.8785 0.2445 0.9913      1008          0    cpu   120.0       100.0        0.018  2.1607     8.5553       6.035      4.7764                5.987
 5161                  gbt  1337      4092  88.5048 133.0881  8.3560  8.1280  6.1243 0.2548 0.9905      1008          0    cpu   132.0       112.0        0.014  1.8083     8.1636       6.676      4.4882                6.623
 5161                  gbt  2024      3906  87.7675 130.9050  8.5689  8.3071  6.0732 0.2526 0.9908      1008          0    cpu   126.0       106.0        0.014  1.7437     8.4257       6.663      6.8077                6.610
 5161                naive    42         0  92.8019 134.8777  9.1943  9.0965  6.4216 0.2671 0.9902      1008          0    cpu     NaN         NaN          NaN  0.0000     0.0000       0.023      0.0017                0.023
 5161                naive  1337         0  92.8019 134.8777  9.1943  9.0965  6.4216 0.2671 0.9902      1008          0    cpu     NaN         NaN          NaN  0.0000     0.0000       0.023      0.0016                0.022
 5161                naive  2024         0  92.8019 134.8777  9.1943  9.0965  6.4216 0.2671 0.9902      1008          0    cpu     NaN         NaN          NaN  0.0000     0.0000       0.023      0.0015                0.023
 5161 seasonal_naive_daily    42         0 338.5937 619.0400 25.9398 22.8281 23.4297 0.9747 0.7934      1008          0    cpu     NaN         NaN          NaN  0.0000     0.0000       0.023      0.0017                0.023
 5161 seasonal_naive_daily  1337         0 338.5937 619.0400 25.9398 22.8281 23.4297 0.9747 0.7934      1008          0    cpu     NaN         NaN          NaN  0.0000     0.0000       0.023      0.0017                0.023
 5161 seasonal_naive_daily  2024         0 338.5937 619.0400 25.9398 22.8281 23.4297 0.9747 0.7934      1008          0    cpu     NaN         NaN          NaN  0.0000     0.0000       0.024      0.0017                0.024
 5161        linear_ar_144    42       145  84.9846 130.9224  7.7430  7.6165  5.8807 0.2446 0.9908      1008          0    cpu     NaN         NaN          NaN  0.0303     0.0624       0.064      0.0038                0.063
 5161        linear_ar_144  1337       145  84.9846 130.9224  7.7430  7.6165  5.8807 0.2446 0.9908      1008          0    cpu     NaN         NaN          NaN  0.0215     0.0511       0.060      0.0037                0.060
 5161        linear_ar_144  2024       145  84.9846 130.9224  7.7430  7.6165  5.8807 0.2446 0.9908      1008          0    cpu     NaN         NaN          NaN  0.0216     0.0471       0.067      0.0038                0.066
 5059                 lstm    42     17222  68.5332  99.0715  6.4815  6.4112  5.4158 0.2536 0.9888      1008          0    mps    54.0        44.0        0.655 35.4035    15.3329      13.954      3.2102               13.843
 5059                 lstm  1337     17222  74.2577 106.7165  7.0445  6.8427  5.8681 0.2747 0.9871      1008          0    mps    32.0        22.0        0.649 20.7588     8.8893      14.080      3.2830               13.969
 5059                 lstm  2024     17222  72.7419 105.2435  6.7880  6.6529  5.7483 0.2691 0.9874      1008          0    mps    29.0        19.0        0.647 18.7803     8.2652      13.755      3.1488               13.646
 5059                  tcn    42     34758  82.8970 122.9126  7.2478  7.0499  6.5508 0.3067 0.9828      1008          0    mps    28.0        18.0        1.282 35.9000    15.4164      20.801      3.2179               20.636
 5059                  tcn  1337     34758  76.0235 109.5618  7.3061  7.0635  6.0077 0.2813 0.9864      1008          0    mps    35.0        25.0        1.273 44.5847    19.0365      20.784      3.2573               20.619
 5059                  tcn  2024     34758  77.7161 113.4746  7.1009  6.8861  6.1414 0.2875 0.9854      1008          0    mps    27.0        17.0        1.280 34.5874    14.8989      20.723      3.2576               20.559
 5059                  gbt    42      4464  71.7829 103.5586  6.8159  6.6849  5.6726 0.2656 0.9878      1008          0    cpu   144.0       124.0        0.017  2.4997    12.9680      13.439      9.6582               13.332
 5059                  gbt  1337      3317  70.7354 102.0468  6.7372  6.6147  5.5898 0.2617 0.9882      1008          0    cpu   107.0        87.0        0.017  1.8095     9.4018       8.808      6.8867                8.738
 5059                  gbt  2024      3596  71.4413 102.4281  6.8075  6.6684  5.6456 0.2643 0.9881      1008          0    cpu   116.0        96.0        0.016  1.8807     9.9982       9.873      7.1667                9.795
 5059                naive    42         0  81.5169 114.3750  7.9591  7.9089  6.4418 0.3016 0.9851      1008          0    cpu     NaN         NaN          NaN  0.0000     0.0000       0.020      0.0017                0.020
 5059                naive  1337         0  81.5169 114.3750  7.9591  7.9089  6.4418 0.3016 0.9851      1008          0    cpu     NaN         NaN          NaN  0.0000     0.0000       0.022      0.0017                0.021
 5059                naive  2024         0  81.5169 114.3750  7.9591  7.9089  6.4418 0.3016 0.9851      1008          0    cpu     NaN         NaN          NaN  0.0000     0.0000       0.022      0.0017                0.021
 5059 seasonal_naive_daily    42         0 171.7357 245.8702 18.0185 16.6210 13.5712 0.6354 0.9313      1008          0    cpu     NaN         NaN          NaN  0.0000     0.0000       0.022      0.0018                0.021
 5059 seasonal_naive_daily  1337         0 171.7357 245.8702 18.0185 16.6210 13.5712 0.6354 0.9313      1008          0    cpu     NaN         NaN          NaN  0.0000     0.0000       0.022      0.0018                0.022
 5059 seasonal_naive_daily  2024         0 171.7357 245.8702 18.0185 16.6210 13.5712 0.6354 0.9313      1008          0    cpu     NaN         NaN          NaN  0.0000     0.0000       0.022      0.0018                0.022
 5059        linear_ar_144    42       145  66.2484  96.6680  6.3029  6.2583  5.2352 0.2451 0.9894      1008          0    cpu     NaN         NaN          NaN  0.0235     0.1273       0.060      0.0041                0.060
 5059        linear_ar_144  1337       145  66.2484  96.6680  6.3029  6.2583  5.2352 0.2451 0.9894      1008          0    cpu     NaN         NaN          NaN  0.0207     0.1009       0.061      0.0044                0.060
 5059        linear_ar_144  2024       145  66.2484  96.6680  6.3029  6.2583  5.2352 0.2451 0.9894      1008          0    cpu     NaN         NaN          NaN  0.0205     0.0899       0.062      0.0041                0.061
 5259                 lstm    42     17222  65.8143  93.9912  7.1262  7.0510  5.2023 0.1257 0.9930      1008          0    mps    45.0        35.0        0.648 29.1568    12.7274      13.520      3.2977               13.412
 5259                 lstm  1337     17222  65.9120  94.4799  7.1250  7.0412  5.2100 0.1259 0.9929      1008          0    mps    40.0        30.0        0.644 25.7781    11.1188      13.552      3.3702               13.445
 5259                 lstm  2024     17222  65.3668  93.9161  7.0779  7.0062  5.1669 0.1248 0.9930      1008          0    mps    53.0        43.0        0.640 33.9139    14.7422      13.625      3.3193               13.517
 5259                  tcn    42     34758  60.9371  89.4142  6.5403  6.4126  4.8168 0.1164 0.9936      1008          0    mps    42.0        32.0        1.287 54.0916    23.1609      21.078      3.3777               20.911
 5259                  tcn  1337     34758  61.5080  89.7466  6.6457  6.5020  4.8619 0.1175 0.9936      1008          0    mps    45.0        35.0        1.282 57.7181    24.8009      20.820      3.4041               20.655
 5259                  tcn  2024     34758  61.8536  88.7014  6.7559  6.6178  4.8892 0.1181 0.9937      1008          0    mps    37.0        27.0        1.280 47.3879    20.3490      21.117      3.3921               20.949
 5259                  gbt    42      3751  63.5133  92.0161  6.8460  6.7028  5.0204 0.1213 0.9933      1008          0    cpu   121.0       101.0        0.018  2.1712    10.9304      10.671      7.6221               10.587
 5259                  gbt  1337      3255  64.4974  93.7315  6.9582  6.8021  5.0982 0.1232 0.9930      1008          0    cpu   105.0        85.0        0.019  1.9934    10.4772       8.853      7.4068                8.783
 5259                  gbt  2024      4061  64.2146  93.0415  6.9440  6.7943  5.0759 0.1226 0.9931      1008          0    cpu   131.0       111.0        0.018  2.3664    12.5032      11.897      9.2470               11.802
 5259                naive    42         0  75.9675 109.5784  8.1148  8.0741  6.0049 0.1451 0.9904      1008          0    cpu     NaN         NaN          NaN  0.0000     0.0000       0.023      0.0016                0.023
 5259                naive  1337         0  75.9675 109.5784  8.1148  8.0741  6.0049 0.1451 0.9904      1008          0    cpu     NaN         NaN          NaN  0.0000     0.0000       0.023      0.0016                0.022
 5259                naive  2024         0  75.9675 109.5784  8.1148  8.0741  6.0049 0.1451 0.9904      1008          0    cpu     NaN         NaN          NaN  0.0000     0.0000       0.023      0.0016                0.022
 5259 seasonal_naive_daily    42         0 470.3205 861.6206 71.6210 42.6127 37.1766 0.8981 0.4093      1008          0    cpu     NaN         NaN          NaN  0.0000     0.0000       0.019      0.0017                0.019
 5259 seasonal_naive_daily  1337         0 470.3205 861.6206 71.6210 42.6127 37.1766 0.8981 0.4093      1008          0    cpu     NaN         NaN          NaN  0.0000     0.0000       0.019      0.0017                0.019
 5259 seasonal_naive_daily  2024         0 470.3205 861.6206 71.6210 42.6127 37.1766 0.8981 0.4093      1008          0    cpu     NaN         NaN          NaN  0.0000     0.0000       0.020      0.0016                0.020
 5259        linear_ar_144    42       145  63.6869  93.7362  6.6622  6.6087  5.0341 0.1216 0.9930      1008          0    cpu     NaN         NaN          NaN  0.0233     0.1221       0.061      0.0040                0.060
 5259        linear_ar_144  1337       145  63.6869  93.7362  6.6622  6.6087  5.0341 0.1216 0.9930      1008          0    cpu     NaN         NaN          NaN  0.0214     0.1110       0.062      0.0040                0.062
 5259        linear_ar_144  2024       145  63.6869  93.7362  6.6622  6.6087  5.0341 0.1216 0.9930      1008          0    cpu     NaN         NaN          NaN  0.0216     0.1128       0.061      0.0042                0.061

mean and std over seeds:
 area                model  n_params_mean  n_params_std  MAE_mean  MAE_std  RMSE_mean  RMSE_std  MAPE_mean  MAPE_std  sMAPE_mean  sMAPE_std  WAPE_mean  WAPE_std  MASE_mean  MASE_std  R2_mean  R2_std  n_scored_mean  n_scored_std  n_dropped_mean  n_dropped_std  s_per_epoch_mean  s_per_epoch_std  fit_s_mean  fit_s_std  fit_cpu_s_mean  fit_cpu_s_std  predict_ms_mean  predict_ms_std  latency_ms_mean  latency_ms_std  predict_us_per_step_mean  predict_us_per_step_std
 5161                 lstm     17222.0000        0.0000   84.4176   1.4092   129.3451    1.9553     8.0187    0.1145      7.8257     0.0867     5.8415    0.0975     0.2430    0.0041   0.9910  0.0003         1008.0           0.0             0.0            0.0            0.7150           0.0340     29.9223     3.1350         12.7846         1.8462          14.8097          1.3695           3.4537          0.2670                   14.6920                   1.3585
 5161                  tcn     34758.0000        0.0000   82.1349   6.6464   124.3539   10.0434     7.8273    0.5161      7.5824     0.4198     5.6835    0.4599     0.2364    0.0191   0.9916  0.0014         1008.0           0.0             0.0            0.0            1.2840           0.0113     40.7608    14.5178         17.5113         6.3034          20.8953          0.0487           3.2782          0.0862                   20.7293                   0.0487
 5161                  gbt      3906.0000      186.0000   87.0752   1.8742   130.3919    2.9860     8.4090    0.1410      8.1731     0.1181     6.0253    0.1297     0.2506    0.0054   0.9909  0.0004         1008.0           0.0             0.0            0.0            0.0153           0.0023      1.9042     0.2244          8.3815         0.1996           6.4580          0.3664           5.3574          1.2642                    6.4067                   0.3635
 5161                naive         0.0000        0.0000   92.8019   0.0000   134.8777    0.0000     9.1943    0.0000      9.0965     0.0000     6.4216    0.0000     0.2671    0.0000   0.9902  0.0000         1008.0           0.0             0.0            0.0               NaN              NaN      0.0000     0.0000          0.0000         0.0000           0.0230          0.0000           0.0016          0.0001                    0.0227                   0.0006
 5161 seasonal_naive_daily         0.0000        0.0000  338.5937   0.0000   619.0400    0.0000    25.9398    0.0000     22.8281     0.0000    23.4297    0.0000     0.9747    0.0000   0.7934  0.0000         1008.0           0.0             0.0            0.0               NaN              NaN      0.0000     0.0000          0.0000         0.0000           0.0233          0.0006           0.0017          0.0000                    0.0233                   0.0006
 5161        linear_ar_144       145.0000        0.0000   84.9846   0.0000   130.9224    0.0000     7.7430    0.0000      7.6165     0.0000     5.8807    0.0000     0.2446    0.0000   0.9908  0.0000         1008.0           0.0             0.0            0.0               NaN              NaN      0.0245     0.0051          0.0535         0.0079           0.0637          0.0035           0.0038          0.0001                    0.0630                   0.0030
 5059                 lstm     17222.0000        0.0000   71.8443   2.9659   103.6772    4.0561     6.7713    0.2819      6.6356     0.2163     5.6774    0.2343     0.2658    0.0109   0.9878  0.0009         1008.0           0.0             0.0            0.0            0.6503           0.0042     24.9809     9.0803         10.8291         3.9128          13.9297          0.1639           3.2140          0.0672                   13.8193                   0.1628
 5059                  tcn     34758.0000        0.0000   78.8789   3.5812   115.3163    6.8633     7.2183    0.1057      6.9998     0.0987     6.2333    0.2830     0.2918    0.0132   0.9849  0.0019         1008.0           0.0             0.0            0.0            1.2783           0.0047     38.3574     5.4328         16.4506         2.2544          20.7693          0.0410           3.2443          0.0228                   20.6047                   0.0405
 5059                  gbt      3792.3333      598.1742   71.3199   0.5342   102.6778    0.7862     6.7869    0.0432      6.6560     0.0367     5.6360    0.0422     0.2639    0.0020   0.9880  0.0002         1008.0           0.0             0.0            0.0            0.0167           0.0006      2.0633     0.3796         10.7893         1.9102          10.7067          2.4254           7.9039          1.5257                   10.6217                   2.4060
 5059                naive         0.0000        0.0000   81.5169   0.0000   114.3750    0.0000     7.9591    0.0000      7.9089     0.0000     6.4418    0.0000     0.3016    0.0000   0.9851  0.0000         1008.0           0.0             0.0            0.0               NaN              NaN      0.0000     0.0000          0.0000         0.0000           0.0213          0.0012           0.0017          0.0000                    0.0207                   0.0006
 5059 seasonal_naive_daily         0.0000        0.0000  171.7357   0.0000   245.8702    0.0000    18.0185    0.0000     16.6210     0.0000    13.5712    0.0000     0.6354    0.0000   0.9313  0.0000         1008.0           0.0             0.0            0.0               NaN              NaN      0.0000     0.0000          0.0000         0.0000           0.0220          0.0000           0.0018          0.0000                    0.0217                   0.0006
 5059        linear_ar_144       145.0000        0.0000   66.2484   0.0000    96.6680    0.0000     6.3029    0.0000      6.2583     0.0000     5.2352    0.0000     0.2451    0.0000   0.9894  0.0000         1008.0           0.0             0.0            0.0               NaN              NaN      0.0216     0.0017          0.1060         0.0192           0.0610          0.0010           0.0042          0.0002                    0.0603                   0.0006
 5259                 lstm     17222.0000        0.0000   65.6977   0.2907    94.1291    0.3061     7.1097    0.0275      7.0328     0.0236     5.1931    0.0230     0.1255    0.0006   0.9930  0.0001         1008.0           0.0             0.0            0.0            0.6440           0.0040     29.6163     4.0873         12.8628         1.8155          13.5657          0.0538           3.3291          0.0372                   13.4580                   0.0537
 5259                  tcn     34758.0000        0.0000   61.4329   0.4628    89.2874    0.5340     6.6473    0.1078      6.5108     0.1029     4.8560    0.0366     0.1173    0.0009   0.9936  0.0001         1008.0           0.0             0.0            0.0            1.2830           0.0036     53.0659     5.2409         22.7703         2.2515          21.0050          0.1614           3.3913          0.0132                   20.8383                   0.1599
 5259                  gbt      3689.0000      406.5612   64.0751   0.5067    92.9297    0.8631     6.9161    0.0611      6.7664     0.0552     5.0648    0.0401     0.1224    0.0010   0.9931  0.0002         1008.0           0.0             0.0            0.0            0.0183           0.0006      2.1770     0.1866         11.3036         1.0633          10.4737          1.5316           8.0920          1.0061                   10.3907                   1.5190
 5259                naive         0.0000        0.0000   75.9675   0.0000   109.5784    0.0000     8.1148    0.0000      8.0741     0.0000     6.0049    0.0000     0.1451    0.0000   0.9904  0.0000         1008.0           0.0             0.0            0.0               NaN              NaN      0.0000     0.0000          0.0000         0.0000           0.0230          0.0000           0.0016          0.0000                    0.0223                   0.0006
 5259 seasonal_naive_daily         0.0000        0.0000  470.3205   0.0000   861.6206    0.0000    71.6210    0.0000     42.6127     0.0000    37.1766    0.0000     0.8981    0.0000   0.4093  0.0000         1008.0           0.0             0.0            0.0               NaN              NaN      0.0000     0.0000          0.0000         0.0000           0.0193          0.0006           0.0017          0.0001                    0.0193                   0.0006
 5259        linear_ar_144       145.0000        0.0000   63.6869   0.0000    93.7362    0.0000     6.6622    0.0000      6.6087     0.0000     5.0341    0.0000     0.1216    0.0000   0.9930  0.0000         1008.0           0.0             0.0            0.0               NaN              NaN      0.0221     0.0010          0.1153         0.0060           0.0613          0.0006           0.0041          0.0001                    0.0610                   0.0010
